// Jest Snapshot v1, https://goo.gl/fbAQLP

exports[`renders section heading correctly 1`] = `
<div
  class="space-y-2 lg:space-y-3 mb-[1.875rem] md:mb-[3.25rem] section-heading primary"
  role="presentation"
>
  <span
    class="block text-[1.125rem] font-medium leading-[1.5] md:text-[1.5rem]  md:leading-[1.2] sub-title"
  >
    Lemon Hive
  </span>
  <h2
    class="text-[1.75rem] font-medium leading-[1.3] md:text-[3rem] md:font-bold md:leading-[1.1] title"
  >
    What Makes Us Different?
  </h2>
  <div
    class="text-[.875rem] leading-[1.3] md:text-base mt-3 lg:mt-5 description"
  >
    <article
      class="prose max-w-full space-y-4"
    >
      <p
        class="dark:text-white"
        id="0ffdc2e0f0b8"
      >
        <a
          class="no-underline styled-link"
          href="https://www.google.com"
          target="_blank"
        >
          <span
            class="link-underline"
          >
            Headless website
          </span>
        </a>
         for an award winning digital marketing agency.
      </p>
      <br />
      <p
        class="dark:text-white"
        id="c0b3d76ed804"
      >
        <strong>
          Lorem ipsum
        </strong>
         dolor 
        <em>
          sit amet consectetur
        </em>
        . Vitae cursus ultricies interdu ridiculus. Nullam nuwel craegestas risus 
        <span
          style="text-decoration: underline;"
        >
          diam lorem nascetur
        </span>
        . Lorem ipsum dolor sit amet consectetur. Vitae cursus ultricies interdu ridiculus. Nullam nuwel craegestas risus 
        <strong>
          diam lorem nascetu ullam nuwel
        </strong>
      </p>
    </article>
  </div>
</div>
`;
